Time sleep:0
Requirement already satisfied: pip in /usr/local/lib/python3.8/dist-packages (25.0.1)
WARNING: Retrying (Retry(total=4, connect=None, read=None, redirect=None, status=None)) after connection broken by 'ConnectTimeoutError(<pip._vendor.urllib3.connection.HTTPSConnection object at 0x7f931fe0b220>, 'Connection to site-aws-us.zilliz.cc timed out. (connect timeout=15)')': /simple/pip/
WARNING: Retrying (Retry(total=3, connect=None, read=None, redirect=None, status=None)) after connection broken by 'ConnectTimeoutError(<pip._vendor.urllib3.connection.HTTPSConnection object at 0x7f931fe0b310>, 'Connection to site-aws-us.zilliz.cc timed out. (connect timeout=15)')': /simple/pip/
WARNING: Retrying (Retry(total=2, connect=None, read=None, redirect=None, status=None)) after connection broken by 'ConnectTimeoutError(<pip._vendor.urllib3.connection.HTTPSConnection object at 0x7f931fe0b460>, 'Connection to site-aws-us.zilliz.cc timed out. (connect timeout=15)')': /simple/pip/
WARNING: Retrying (Retry(total=1, connect=None, read=None, redirect=None, status=None)) after connection broken by 'ConnectTimeoutError(<pip._vendor.urllib3.connection.HTTPSConnection object at 0x7f931fe0b520>, 'Connection to site-aws-us.zilliz.cc timed out. (connect timeout=15)')': /simple/pip/
WARNING: Retrying (Retry(total=0, connect=None, read=None, redirect=None, status=None)) after connection broken by 'ConnectTimeoutError(<pip._vendor.urllib3.connection.HTTPSConnection object at 0x7f931fe0b550>, 'Connection to site-aws-us.zilliz.cc timed out. (connect timeout=15)')': /simple/pip/
WARNING: Running pip as the 'root' user can result in broken permissions and conflicting behaviour with the system package manager, possibly rendering your system unusable. It is recommended to use a virtual environment instead: https://pip.pypa.io/warnings/venv. Use the --root-user-action option if you know what you are doing and want to suppress this warning.
WARNING: Running pip as the 'root' user can result in broken permissions and conflicting behaviour with the system package manager, possibly rendering your system unusable. It is recommended to use a virtual environment instead: https://pip.pypa.io/warnings/venv. Use the --root-user-action option if you know what you are doing and want to suppress this warning.
Looking in indexes: https://pypi.org/simple, https://test.pypi.org/simple/
WARNING: Retrying (Retry(total=4, connect=None, read=None, redirect=None, status=None)) after connection broken by 'ConnectTimeoutError(<pip._vendor.urllib3.connection.HTTPSConnection object at 0x7f13d0b21310>, 'Connection to site-aws-us.zilliz.cc timed out. (connect timeout=15)')': /simple/pymilvus/
WARNING: Retrying (Retry(total=3, connect=None, read=None, redirect=None, status=None)) after connection broken by 'ConnectTimeoutError(<pip._vendor.urllib3.connection.HTTPSConnection object at 0x7f13d0b21400>, 'Connection to site-aws-us.zilliz.cc timed out. (connect timeout=15)')': /simple/pymilvus/
WARNING: Retrying (Retry(total=2, connect=None, read=None, redirect=None, status=None)) after connection broken by 'ConnectTimeoutError(<pip._vendor.urllib3.connection.HTTPSConnection object at 0x7f13d0b21550>, 'Connection to site-aws-us.zilliz.cc timed out. (connect timeout=15)')': /simple/pymilvus/
WARNING: Retrying (Retry(total=1, connect=None, read=None, redirect=None, status=None)) after connection broken by 'ConnectTimeoutError(<pip._vendor.urllib3.connection.HTTPSConnection object at 0x7f13d0b21610>, 'Connection to site-aws-us.zilliz.cc timed out. (connect timeout=15)')': /simple/pymilvus/
WARNING: Retrying (Retry(total=0, connect=None, read=None, redirect=None, status=None)) after connection broken by 'ConnectTimeoutError(<pip._vendor.urllib3.connection.HTTPSConnection object at 0x7f13d0b21640>, 'Connection to site-aws-us.zilliz.cc timed out. (connect timeout=15)')': /simple/pymilvus/
WARNING: Retrying (Retry(total=4, connect=None, read=None, redirect=None, status=None)) after connection broken by 'ConnectTimeoutError(<pip._vendor.urllib3.connection.HTTPSConnection object at 0x7f13d0b21c10>, 'Connection to site-aws-us.zilliz.cc timed out. (connect timeout=15)')': /simple/pymilvus/
WARNING: Retrying (Retry(total=3, connect=None, read=None, redirect=None, status=None)) after connection broken by 'ConnectTimeoutError(<pip._vendor.urllib3.connection.HTTPSConnection object at 0x7f13d0b21ca0>, 'Connection to site-aws-us.zilliz.cc timed out. (connect timeout=15)')': /simple/pymilvus/
WARNING: Retrying (Retry(total=2, connect=None, read=None, redirect=None, status=None)) after connection broken by 'ConnectTimeoutError(<pip._vendor.urllib3.connection.HTTPSConnection object at 0x7f13d0b21e20>, 'Connection to site-aws-us.zilliz.cc timed out. (connect timeout=15)')': /simple/pymilvus/
WARNING: Retrying (Retry(total=1, connect=None, read=None, redirect=None, status=None)) after connection broken by 'ConnectTimeoutError(<pip._vendor.urllib3.connection.HTTPSConnection object at 0x7f13d0b21f70>, 'Connection to site-aws-us.zilliz.cc timed out. (connect timeout=15)')': /simple/pymilvus/
WARNING: Retrying (Retry(total=0, connect=None, read=None, redirect=None, status=None)) after connection broken by 'ConnectTimeoutError(<pip._vendor.urllib3.connection.HTTPSConnection object at 0x7f13d0b21ee0>, 'Connection to site-aws-us.zilliz.cc timed out. (connect timeout=15)')': /simple/pymilvus/
ERROR: Could not find a version that satisfies the requirement pymilvus==2.5.5rc9 (from versions: none)
ERROR: No matching distribution found for pymilvus==2.5.5rc9
