[2026-05-16 20:14:18] Starting poll for task 9927 (tiered-4cu-L0), polling every 600s
[2026-05-16 20:14:18] Redis status: 1
[2026-05-16 20:24:18] Redis status: 1
[2026-05-16 20:34:19] Redis status: 1
[2026-05-16 20:44:19] Redis status: 1
[2026-05-16 20:54:19] Redis status: 1
[2026-05-16 21:04:19] Redis status: 1
[2026-05-16 21:14:19] Redis status: 1
[2026-05-16 21:24:20] Redis status: 1
[2026-05-16 21:34:20] Redis status: 1
[2026-05-16 21:44:20] Redis status: 1
[2026-05-16 21:54:20] Redis status: 1
[2026-05-16 22:04:20] Redis status: 1
[2026-05-16 22:14:20] Redis status: 1
[2026-05-16 22:24:20] Redis status: 1
[2026-05-16 22:34:20] Redis status: 1
[2026-05-16 22:44:20] Redis status: 1
[2026-05-16 22:54:20] Redis status: 1
[2026-05-16 23:04:21] Redis status: 1
[2026-05-16 23:14:21] Redis status: 1
[2026-05-16 23:24:21] Redis status: 1
[2026-05-16 23:34:21] Redis status: 1
[2026-05-16 23:44:21] Redis status: 1
[2026-05-16 23:54:21] Redis status: 1
[2026-05-17 00:04:21] Redis status: 1
[2026-05-17 00:14:21] Redis status: 1
[2026-05-17 00:24:21] Redis status: 1
[2026-05-17 00:34:21] Redis status: 1
[2026-05-17 00:44:22] Redis status: 1
[2026-05-17 00:54:22] Redis status: 1
[2026-05-17 01:04:22] Redis status: 1
[2026-05-17 01:14:22] Redis status: 1
[2026-05-17 01:24:22] Redis status: 1
[2026-05-17 01:34:22] Redis status: 1
[2026-05-17 01:44:22] Redis status: 1
[2026-05-17 01:54:22] Redis status: 1
[2026-05-17 02:04:22] Redis status: 1
[2026-05-17 02:14:22] Redis status: 1
[2026-05-17 02:24:23] Redis status: 1
[2026-05-17 02:34:23] Redis status: 1
[2026-05-17 02:44:23] Redis status: 1
[2026-05-17 02:54:23] Redis status: 1
[2026-05-17 03:04:23] Redis status: 2
[2026-05-17 03:04:23] === CHECKPOINT REACHED ===
[2026-05-17 03:04:23] Resuming task...
[2026-05-17 03:04:23] Resume: {'code': 200, 'message': '请求成功', 'data': 1}
[2026-05-17 03:04:33] Redis status: 1
[2026-05-17 03:14:33] Redis status: 1
[2026-05-17 03:24:33] Redis status: 1
[2026-05-17 03:34:34] Redis status: 1
[2026-05-17 03:44:34] Redis status: 1
[2026-05-17 03:54:34] Redis status: 1
[2026-05-17 04:04:34] Redis status: 1
[2026-05-17 04:14:34] Redis status: 1
[2026-05-17 04:24:34] Redis status: 1
[2026-05-17 04:34:34] Redis status: 1
[2026-05-17 04:44:34] Redis status: 1
[2026-05-17 04:54:34] Redis status: 1
[2026-05-17 05:04:35] Redis status: 1
[2026-05-17 05:14:35] Redis status: 1
[2026-05-17 05:24:35] Redis status: 1
[2026-05-17 05:34:35] Redis status: 1
[2026-05-17 05:44:35] Redis status: 1
[2026-05-17 05:54:35] Redis status: 1
[2026-05-17 06:04:35] Redis status: 1
[2026-05-17 06:14:35] Redis status: 1
[2026-05-17 06:24:35] Redis status: 1
[2026-05-17 06:34:35] Redis status: 1
[2026-05-17 06:44:36] Redis status: 1
[2026-05-17 06:54:36] Redis status: 1
[2026-05-17 07:04:36] Redis status: 1
[2026-05-17 07:14:36] Redis status: 1
[2026-05-17 07:24:36] Redis status: 1
[2026-05-17 07:34:36] Redis status: 1
[2026-05-17 07:44:36] Redis status: 1
[2026-05-17 07:54:36] Redis status: 1
[2026-05-17 08:04:36] Redis status: 1
[2026-05-17 08:14:36] Redis status: 1
[2026-05-17 08:24:37] Redis status: 1
[2026-05-17 08:34:37] Redis status: 1
[2026-05-17 08:44:39] Redis status: 1
